should set values properly:
  1: |
    kubernetes.io/ingress.class: nginx
  2: |
    rules: null
    tls:
    - hosts:
      - glosse4lenovo.lenovo.com
      secretName: star-lenovo-com
