should set values properly:
  1: |
    labels:
      app: release-xwiki
      chart: xwiki-1.0.9
      heritage: Tiller
      release: release
    name: release-xwiki
    namespace: NAMESPACE
  2: |
    maxUnavailable: 2
    minAvailable: 1
    selector:
      matchLabels:
        app: release-xwiki
